Component: ARM Compiler 5.06 update 6 (build 750) Tool: armlink [4d35ed]

==============================================================================

Section Cross References

    main.o(.text) refers to printfa.o(i.__0printf) for __2printf
    startup_venus.o(RESET) refers to startup_venus.o(.bss) for __initial_sp
    startup_venus.o(RESET) refers to startup_venus.o(.text) for Reset_Handler
    startup_venus.o(RESET) refers to wm_rtos.o(.emb_text) for SVC_Handler
    startup_venus.o(RESET) refers to wm_rtos.o(.text) for OS_CPU_SysTickHandler
    startup_venus.o(RESET) refers to wm_driver.o(.text) for SDIO_RX_IRQHandler
    startup_venus.o(RESET) refers to tls_wl_core.o(.text) for tls_wl_mac_isr
    startup_venus.o(RESET) refers to wm_common.o(.text) for RSA_IRQHandler
    startup_venus.o(.text) refers to wm_driver.o(.text) for Uart0Init
    startup_venus.o(.text) refers to entry.o(.ARM.Collect$$$$00000000) for __main
    retarget.o(.text) refers to retarget.o(.bss) for .bss
    wm_main.o(.text) refers to wm_driver.o(.text) for tls_sys_clk_get
    wm_main.o(.text) refers to misc.o(.text) for NVIC_PriorityGroupConfig
    wm_main.o(.text) refers to wm_common.o(.text) for tls_crypto_init
    wm_main.o(.text) refers to wm_internal_fls.o(.text) for tls_fls_init
    wm_main.o(.text) refers to tls_wl_core.o(.text) for tls_wifi_mem_cfg
    wm_main.o(.text) refers to wpa_supplicant.o(.text) for wpa_supplicant_init
    wm_main.o(.text) refers to lwip2.0.3.o(.text) for tls_ethernet_init
    wm_main.o(.text) refers to tls_sys.o(.text) for tls_sys_init
    wm_main.o(.text) refers to wm_cmd.o(.text) for tls_hostif_init
    wm_main.o(.text) refers to wm_http_compile.o(.text) for http_client_task_init
    wm_main.o(.text) refers to main.o(.text) for UserMain
    wm_main.o(.text) refers to wm_rtos.o(.text) for tls_os_time_delay
    wm_main.o(.text) refers to tls_wl_core.o(.bss) for tx_gain_group
    wm_main.o(.text) refers to wm_main.o(.data) for .data
    wm_main.o(.text) refers to wm_main.o(.bss) for .bss
    tls_sys.o(.text) refers to wm_common.o(.text) for mem_alloc_debug
    tls_sys.o(.text) refers to memmove.o(.text) for __aeabi_memcpy
    tls_sys.o(.text) refers to wm_wifi_api.o(.text) for tls_wifi_softap_create
    tls_sys.o(.text) refers to wm_rtos.o(.text) for tls_os_queue_receive
    tls_sys.o(.text) refers to lwip2.0.3.o(.text) for tls_netif2_set_up
    tls_sys.o(.text) refers to tls_sys.o(.data) for .data
    tls_sys.o(.text) refers to tls_sys.o(.bss) for .bss
    wm_driver.o(.text) refers to wm_rtos.o(.text) for tls_os_sem_release
    wm_driver.o(.text) refers to wm_driver.o(.constdata) for .constdata
    wm_driver.o(.text) refers to wm_driver.o(.bss) for .bss
    wm_driver.o(.text) refers to wm_common.o(.text) for mem_free_debug
    wm_driver.o(.text) refers to memmove.o(.text) for __aeabi_memcpy
    wm_driver.o(.text) refers to misc.o(.text) for NVIC_Configration
    wm_driver.o(.text) refers to memseta.o(.text) for __aeabi_memclr4
    wm_driver.o(.text) refers to printfa.o(i.__0printf) for __2printf
    wm_driver.o(.text) refers to wm_driver.o(.data) for .data
    wm_driver.o(.text) refers to wm_rtos.o(.emb_text) for portGET_IPSR
    wm_driver.o(.text) refers to wm_internal_fls.o(.text) for tls_fls_read
    wm_driver.o(.data) refers to wm_driver.o(.text) for tls_spifls_drv_read
    wm_common.o(.text) refers to _scanf_int.o(.text) for _scanf_int
    wm_common.o(.text) refers to _scanf_str.o(.text) for _scanf_string
    wm_common.o(.text) refers to wm_driver.o(.text) for tls_get_isr_count
    wm_common.o(.text) refers to wm_rtos.o(.text) for tls_os_sem_acquire
    wm_common.o(.text) refers to mallocr.o(i.__free$realloc) for free
    wm_common.o(.text) refers to printfa.o(i.__0printf) for __2printf
    wm_common.o(.text) refers to mallocr.o(i.__malloc$realloc) for malloc
    wm_common.o(.text) refers to memmove.o(.text) for __aeabi_memcpy
    wm_common.o(.text) refers to wm_internal_fls.o(.text) for tls_fls_fast_write
    wm_common.o(.text) refers to wm_wifi_oneshot.o(.text) for tls_wifi_set_oneshot_flag
    wm_common.o(.text) refers to wm_wifi_api.o(.text) for tls_wifi_auto_connect_flag
    wm_common.o(.text) refers to wm_common.o(.data) for .data
    wm_common.o(.text) refers to strcpy.o(.text) for strcpy
    wm_common.o(.text) refers to strlen.o(.text) for strlen
    wm_common.o(.text) refers to strncpy.o(.text) for strncpy
    wm_common.o(.text) refers to memseta.o(.text) for __aeabi_memclr4
    wm_common.o(.text) refers to rand.o(.text) for rand
    wm_common.o(.text) refers to wm_common.o(.bss) for .bss
    wm_common.o(.text) refers to wm_common.o(.constdata) for .constdata
    wm_common.o(.text) refers to printfa.o(i.__0sprintf) for __2sprintf
    wm_common.o(.text) refers to atoi.o(.text) for atoi
    wm_common.o(.text) refers to __0sscanf.o(.text) for __0sscanf
[...]
    inc_byte_array                           0x0804e9eb   Thumb Code    18  common.o(.text)
    wpa_get_ntp_timestamp                    0x0804e9fd   Thumb Code    48  common.o(.text)
    wpa_auth_for_each_sta                    0x0804eabd   Thumb Code    36  wpa_auth.o(.text)
    wpa_auth_logger                          0x0804eae1   Thumb Code     2  wpa_auth.o(.text)
    __wpa_send_eapol                         0x0804eb4f   Thumb Code   710  wpa_auth.o(.text)
    wpa_remove_ptk                           0x0804f5e9   Thumb Code    62  wpa_auth.o(.text)
    wpa_init                                 0x0804fa31   Thumb Code   170  wpa_auth.o(.text)
    wpa_init_keys                            0x0804fadb   Thumb Code    28  wpa_auth.o(.text)
    wpa_deinit                               0x0804faf7   Thumb Code    56  wpa_auth.o(.text)
    wpa_reconfig                             0x0804fb2f   Thumb Code    70  wpa_auth.o(.text)
    wpa_auth_sta_init                        0x0804fb75   Thumb Code    46  wpa_auth.o(.text)
    wpa_auth_sta_associated                  0x0804fba3   Thumb Code    88  wpa_auth.o(.text)
    wpa_auth_sta_no_wpa                      0x0804fbfb   Thumb Code    12  wpa_auth.o(.text)
    wpa_auth_sta_deinit                      0x0804fc07   Thumb Code   104  wpa_auth.o(.text)
    wpa_receive                              0x0804fc6f   Thumb Code   692  wpa_auth.o(.text)
    wpa_auth_sm_event                        0x0804ff23   Thumb Code   128  wpa_auth.o(.text)
    wpa_gtk_rekey                            0x0804ffa3   Thumb Code    42  wpa_auth.o(.text)
    wpa_auth_countermeasures_start           0x0804ffcd   Thumb Code    12  wpa_auth.o(.text)
    wpa_auth_pairwise_set                    0x0804ffd9   Thumb Code    20  wpa_auth.o(.text)
    wpa_auth_get_pairwise                    0x0804ffed   Thumb Code     6  wpa_auth.o(.text)
    wpa_auth_sta_key_mgmt                    0x0804fff3   Thumb Code    14  wpa_auth.o(.text)
    wpa_auth_sta_wpa_version                 0x08050001   Thumb Code    10  wpa_auth.o(.text)
    wpa_auth_sta_clear_pmksa                 0x0805000b   Thumb Code    26  wpa_auth.o(.text)
    wpa_auth_sta_get_pmksa                   0x08050025   Thumb Code    10  wpa_auth.o(.text)
    wpa_auth_sta_local_mic_failure_report    0x0805002f   Thumb Code    16  wpa_auth.o(.text)
    wpa_auth_get_wpa_ie                      0x0805003f   Thumb Code    14  wpa_auth.o(.text)
    hostapd_deinit_wpa                       0x08050165   Thumb Code    28  wpa_auth_glue.o(.text)
    hostapd_setup_wpa                        0x08050181   Thumb Code   100  wpa_auth_glue.o(.text)
    wpa_write_rsn_ie                         0x08050311   Thumb Code   360  wpa_auth_ie.o(.text)
    wpa_auth_gen_wpa_ie                      0x08050479   Thumb Code   106  wpa_auth_ie.o(.text)
    wpa_add_kde                              0x080504e3   Thumb Code    80  wpa_auth_ie.o(.text)
    wpa_validate_wpa_ie                      0x08050533   Thumb Code   492  wpa_auth_ie.o(.text)
    wpa_parse_kde_ies                        0x0805071f   Thumb Code   114  wpa_auth_ie.o(.text)
    wpa_auth_uses_mfp                        0x08050791   Thumb Code    14  wpa_auth_ie.o(.text)
    wpa_eapol_key_mic                        0x0805084d   Thumb Code    68  wpa_common.o(.text)
    rsn_pmkid                                0x08050891   Thumb Code    54  wpa_common.o(.text)
    wpa_pmk_to_ptk                           0x080508c7   Thumb Code   156  wpa_common.o(.text)
    wpa_cipher_txt                           0x08050963   Thumb Code    56  wpa_common.o(.text)
    wpa_compare_rsn_ie                       0x0805099b   Thumb Code    32  wpa_common.o(.text)
    wpa_parse_wpa_ie_rsn                     0x08050a25   Thumb Code   336  wpa_common.o(.text)
    wpa_parse_wpa_ie_wpa                     0x08050bdf   Thumb Code   422  wpa_common.o(.text)
    hex2digit                                0x08050d85   Thumb Code    42  wpa_common.o(.text)
    hostapd_drv_sta_remove                   0x08050db5   Thumb Code     8  hostapd_wpa_driver.o(.text)
    hostapd_set_sta_flags                    0x08050dbd   Thumb Code     4  hostapd_wpa_driver.o(.text)
    hostapd_sta_flags_to_drv                 0x08050dc1   Thumb Code    36  hostapd_wpa_driver.o(.text)
    hostapd_drv_sta_add                      0x08050de5   Thumb Code    76  hostapd_wpa_driver.o(.text)
    hostapd_drv_send_mlme                    0x08050e31   Thumb Code     8  hostapd_wpa_driver.o(.text)
    hostapd_drv_set_ap                       0x08050e39   Thumb Code   192  hostapd_wpa_driver.o(.text)
    hostapd_drv_sta_set_flags                0x08050ef9   Thumb Code     4  hostapd_wpa_driver.o(.text)
    hostapd_drv_set_key                      0x08050efd   Thumb Code    42  hostapd_wpa_driver.o(.text)
    hostapd_get_seqnum                       0x08050f27   Thumb Code     4  hostapd_wpa_driver.o(.text)
    hostapd_drv_set_countermeasures          0x08050f2b   Thumb Code     4  hostapd_wpa_driver.o(.text)
    hostapd_drv_hapd_send_eapol              0x08050f2f   Thumb Code    26  hostapd_wpa_driver.o(.text)
    hostapd_set_freq                         0x08050f49   Thumb Code    34  hostapd_wpa_driver.o(.text)
    hostapd_sta_set_flags                    0x08050f6b   Thumb Code     4  hostapd_wpa_driver.o(.text)
    hostapd_drv_get_inact_sec                0x08050f6f   Thumb Code     8  hostapd_wpa_driver.o(.text)
    hostapd_set_authorized                   0x08050f77   Thumb Code    14  hostapd_wpa_driver.o(.text)
    hostapd_drv_sta_flush                    0x08050f85   Thumb Code    10  hostapd_wpa_driver.o(.text)
    hostapd_drv_sta_deauth                   0x08050f8f   Thumb Code    22  hostapd_wpa_driver.o(.text)
    hostapd_drv_sta_disassoc                 0x08050fa5   Thumb Code    22  hostapd_wpa_driver.o(.text)
    hostapd_if_add                           0x08050fbb   Thumb Code     4  hostapd_wpa_driver.o(.text)
    hostapd_set_tx_queue_params              0x08050fbf   Thumb Code    30  hostapd_wpa_driver.o(.text)
    dh5_init                                 0x08051005   Thumb Code    36  dh_group5.o(.text)
    dh5_derive_shared                        0x08051029   Thumb Code    34  dh_group5.o(.text)
    dh5_free                                 0x0805104b   Thumb Code     2  dh_group5.o(.text)
    eap_hdr_validate                         0x0805104d   Thumb Code   108  eap_common.o(.text)
    eap_msg_alloc                            0x080510b9   Thumb Code   126  eap_common.o(.text)
    eap_update_len                           0x08051137   Thumb Code    22  eap_common.o(.text)
    eap_get_id                               0x0805114d   Thumb Code    24  eap_common.o(.text)
    eap_get_type                             0x08051165   Thumb Code    24  eap_common.o(.text)
    eapol_set_bool                           0x0805117d   Thumb Code    16  eap.o(.text)
    eap_get_config                           0x0805118d   Thumb Code    10  eap.o(.text)
    eap_allowed_method                       0x08051197   Thumb Code    62  eap.o(.text)
    eap_sm_request_identity                  0x0805156f   Thumb Code     2  eap.o(.text)
    eap_sm_buildIdentity                     0x08051571   Thumb Code    86  eap.o(.text)
    eap_peer_sm_init                         0x080518a1   Thumb Code    54  eap.o(.text)
    eap_sm_abort                             0x080518d7   Thumb Code    44  eap.o(.text)
    eap_peer_sm_deinit                       0x08051903   Thumb Code    30  eap.o(.text)
    eap_peer_sm_step                         0x08051921   Thumb Code    32  eap.o(.text)
    eap_sm_get_method_name                   0x08051941   Thumb Code    12  eap.o(.text)
    eap_sm_request_password                  0x0805194d   Thumb Code     2  eap.o(.text)
    eap_sm_request_new_password              0x0805194f   Thumb Code     2  eap.o(.text)
    eap_sm_request_pin                       0x08051951   Thumb Code     2  eap.o(.text)
    eap_sm_request_otp                       0x08051953   Thumb Code     2  eap.o(.text)
    eap_sm_request_passphrase                0x08051955   Thumb Code     2  eap.o(.text)
    eap_set_fast_reauth                      0x08051957   Thumb Code     4  eap.o(.text)
    eap_set_workaround                       0x0805195b   Thumb Code     6  eap.o(.text)
    eap_get_config_identity                  0x08051961   Thumb Code    20  eap.o(.text)
    eap_get_config_phase1                    0x08051975   Thumb Code    14  eap.o(.text)
    eap_get_config_phase2                    0x08051983   Thumb Code    14  eap.o(.text)
    eap_get_config_fragment_size             0x08051991   Thumb Code    18  eap.o(.text)
    eap_key_available                        0x080519a3   Thumb Code    10  eap.o(.text)
    eap_notify_success                       0x080519ad   Thumb Code    14  eap.o(.text)
    eap_notify_lower_layer_success           0x080519bb   Thumb Code    58  eap.o(.text)
    eap_get_eapKeyData                       0x080519f5   Thumb Code    20  eap.o(.text)
    eap_get_eapRespData                      0x08051a09   Thumb Code    18  eap.o(.text)
    eap_register_scard_ctx                   0x08051a1b   Thumb Code    10  eap.o(.text)
    eap_set_config_blob                      0x08051a25   Thumb Code    10  eap.o(.text)
    eap_get_config_blob                      0x08051a2f   Thumb Code    10  eap.o(.text)
    eap_set_force_disabled                   0x08051a39   Thumb Code     6  eap.o(.text)
    eap_notify_pending                       0x08051a3f   Thumb Code    10  eap.o(.text)
    eap_invalidate_cached_session            0x08051a49   Thumb Code    12  eap.o(.text)
    eap_is_wps_pbc_enrollee                  0x08051a55   Thumb Code    42  eap.o(.text)
    eap_is_wps_pin_enrollee                  0x08051a7f   Thumb Code    42  eap.o(.text)
    eap_peer_get_eap_method                  0x08051e81   Thumb Code    28  eap_methods.o(.text)
    eap_peer_get_type                        0x08051e9d   Thumb Code    42  eap_methods.o(.text)
    eap_peer_get_methods                     0x08051ec7   Thumb Code    24  eap_methods.o(.text)
    eap_peer_method_alloc                    0x08051edf   Thumb Code    48  eap_methods.o(.text)
    eap_peer_method_free                     0x08051f0f   Thumb Code     4  eap_methods.o(.text)
    eap_peer_method_register                 0x08051f13   Thumb Code    84  eap_methods.o(.text)
    eap_peer_unregister_methods              0x08051f67   Thumb Code    30  eap_methods.o(.text)
    wps_build_public_key                     0x08051f89   Thumb Code   172  wps_attr_build.o(.text)
    wps_build_req_type                       0x08052035   Thumb Code    36  wps_attr_build.o(.text)
    wps_build_resp_type                      0x08052059   Thumb Code    36  wps_attr_build.o(.text)
    wps_build_config_methods                 0x0805207d   Thumb Code    34  wps_attr_build.o(.text)
    wps_build_uuid_e                         0x0805209f   Thumb Code    36  wps_attr_build.o(.text)
    wps_build_dev_password_id                0x080520c3   Thumb Code    34  wps_attr_build.o(.text)
    wps_build_config_error                   0x080520e5   Thumb Code    34  wps_attr_build.o(.text)
    wps_build_authenticator                  0x08052107   Thumb Code   102  wps_attr_build.o(.text)
    wps_build_version                        0x0805216d   Thumb Code    36  wps_attr_build.o(.text)
    wps_build_wfa_ext                        0x08052191   Thumb Code     4  wps_attr_build.o(.text)
    wps_build_msg_type                       0x08052195   Thumb Code    36  wps_attr_build.o(.text)
    wps_build_enrollee_nonce                 0x080521b9   Thumb Code    40  wps_attr_build.o(.text)
    wps_build_registrar_nonce                0x080521e1   Thumb Code    40  wps_attr_build.o(.text)
    wps_build_auth_type_flags                0x08052209   Thumb Code    36  wps_attr_build.o(.text)
    wps_build_encr_type_flags                0x0805222d   Thumb Code    36  wps_attr_build.o(.text)
    wps_build_conn_type_flags                0x08052251   Thumb Code    38  wps_attr_build.o(.text)
    wps_build_assoc_state                    0x08052277   Thumb Code    34  wps_attr_build.o(.text)
    wps_build_key_wrap_auth                  0x08052299   Thumb Code    68  wps_attr_build.o(.text)
    wps_build_encr_settings                  0x080522dd   Thumb Code   124  wps_attr_build.o(.text)
    wps_ie_encapsulate                       0x08052359   Thumb Code   124  wps_attr_build.o(.text)
    wps_parse_msg                            0x08052723   Thumb Code   140  wps_attr_parse.o(.text)
    wps_build_manufacturer                   0x0805280d   Thumb Code    76  wps_dev_attr.o(.text)
    wps_build_model_name                     0x08052859   Thumb Code    76  wps_dev_attr.o(.text)
    wps_build_model_number                   0x080528a5   Thumb Code    76  wps_dev_attr.o(.text)
    wps_build_primary_dev_type               0x080528f1   Thumb Code    40  wps_dev_attr.o(.text)
    wps_build_secondary_dev_type             0x08052919   Thumb Code    56  wps_dev_attr.o(.text)
    wps_build_req_dev_type                   0x08052951   Thumb Code    58  wps_dev_attr.o(.text)
    wps_build_dev_name                       0x0805298b   Thumb Code    76  wps_dev_attr.o(.text)
    wps_build_device_attrs                   0x080529d7   Thumb Code   134  wps_dev_attr.o(.text)
    wps_build_os_version                     0x08052a5d   Thumb Code    56  wps_dev_attr.o(.text)
    wps_build_rf_bands                       0x08052a95   Thumb Code    38  wps_dev_attr.o(.text)
    wps_build_vendor_ext                     0x08052abb   Thumb Code    70  wps_dev_attr.o(.text)
    wps_process_device_attrs                 0x08052b01   Thumb Code   236  wps_dev_attr.o(.text)
    wps_process_os_version                   0x08052bed   Thumb Code    26  wps_dev_attr.o(.text)
    wps_process_rf_bands                     0x08052c07   Thumb Code    18  wps_dev_attr.o(.text)
    wps_device_data_dup                      0x08052c19   Thumb Code    78  wps_dev_attr.o(.text)
    wps_device_data_free                     0x08052c67   Thumb Code    48  wps_dev_attr.o(.text)
    wps_enrollee_get_msg                     0x08052fdd   Thumb Code   164  wps_enrollee.o(.text)
    wps_enrollee_process_msg                 0x08053477   Thumb Code   102  wps_enrollee.o(.text)
    fftr2_dit_new                            0x08053a5d   Thumb Code   180  tls_rf_fft.o(.text)
    ReverseBits                              0x08053b11   Thumb Code    34  tls_rf_fft.o(.text)
    NumberOfBitsNeeded                       0x08053b33   Thumb Code    20  tls_rf_fft.o(.text)
    bit_rev                                  0x08053b47   Thumb Code    86  tls_rf_fft.o(.text)
    fft                                      0x08053b9d   Thumb Code    20  tls_rf_fft.o(.text)
    aes_wrap                                 0x08053bbd   Thumb Code   164  aes_wrap.o(.text)
    crypto_mod_exp                           0x08053c61   Thumb Code   148  dh_groups.o(.text)
    dh_groups_get                            0x08053cf5   Thumb Code    34  dh_groups.o(.text)
    dh_init                                  0x08053d17   Thumb Code   170  dh_groups.o(.text)
    dh_derive_shared                         0x08053dc1   Thumb Code   126  dh_groups.o(.text)
    wps_process_authenticator                0x08053e51   Thumb Code    94  wps_attr_process.o(.text)
    wps_process_key_wrap_auth                0x08053eaf   Thumb Code    68  wps_attr_process.o(.text)
    wps_process_cred                         0x08053ef3   Thumb Code    98  wps_attr_process.o(.text)
    wps_process_ap_settings                  0x08053f55   Thumb Code    98  wps_attr_process.o(.text)
    bignum_init                              0x08054087   Thumb Code    34  bignum.o(.text)
    bignum_deinit                            0x080540a9   Thumb Code    22  bignum.o(.text)
    bignum_get_unsigned_bin                  0x080540bf   Thumb Code    56  bignum.o(.text)
    bignum_set_unsigned_bin                  0x080540f7   Thumb Code    16  bignum.o(.text)
    bignum_exptmod                           0x08054107   Thumb Code    16  bignum.o(.text)
    __aeabi_uldivmod                         0x08054117   Thumb Code    98  uldiv.o(.text)
    __aeabi_ldivmod                          0x08054179   Thumb Code    98  ldiv.o(.text)
    __rt_ctype_table                         0x080541dd   Thumb Code     4  ctype_o.o(.text)
    isspace                                  0x080541e5   Thumb Code    18  isspace_o.o(.text)
    toupper                                  0x080541f7   Thumb Code    12  toupper.o(.text)
    tolower                                  0x08054203   Thumb Code    12  tolower.o(.text)
    rand                                     0x08054211   Thumb Code    20  rand.o(.text)
    srand                                    0x08054225   Thumb Code     6  rand.o(.text)
    ____aeabi_memcpy8$ret$move               0x08054235   Thumb Code     0  memmove.o(.text)
    ___aeabi_memmove4$ret                    0x08054235   Thumb Code     0  memmove.o(.text)
    ___aeabi_memmove8$ret                    0x08054235   Thumb Code     0  memmove.o(.text)
    __aeabi_memcpy                           0x08054235   Thumb Code    66  memmove.o(.text)
    __aeabi_memcpy4                          0x08054235   Thumb Code     0  memmove.o(.text)
    __aeabi_memmove                          0x08054235   Thumb Code     0  memmove.o(.text)
    memcpy                                   0x08054235   Thumb Code     0  memmove.o(.text)
    memmove                                  0x08054235   Thumb Code     0  memmove.o(.text)
    __aeabi_memset                           0x08054277   Thumb Code    14  memseta.o(.text)
    __aeabi_memset4                          0x08054277   Thumb Code     0  memseta.o(.text)
    __aeabi_memset8                          0x08054277   Thumb Code     0  memseta.o(.text)
    __aeabi_memclr                           0x08054285   Thumb Code     4  memseta.o(.text)
    __aeabi_memclr4                          0x08054285   Thumb Code     0  memseta.o(.text)
    __aeabi_memclr8                          0x08054285   Thumb Code     0  memseta.o(.text)
    memset                                   0x08054289   Thumb Code    18  memseta.o(.text)
    strcat                                   0x0805429b   Thumb Code    24  strcat.o(.text)
    strstr                                   0x080542b3   Thumb Code    36  strstr.o(.text)
    strncpy                                  0x080542d7   Thumb Code    24  strncpy.o(.text)
    strchr                                   0x080542ef   Thumb Code    20  strchr.o(.text)
    strlen                                   0x08054303   Thumb Code    14  strlen.o(.text)
    strcmp                                   0x08054311   Thumb Code    28  strcmp.o(.text)
    memchr                                   0x0805432d   Thumb Code    20  memchr.o(.text)
    memcmp                                   0x08054341   Thumb Code    26  memcmp.o(.text)
    strcpy                                   0x0805435b   Thumb Code    18  strcpy.o(.text)
    strncmp                                  0x0805436d   Thumb Code    30  strncmp.o(.text)
    __0sscanf                                0x0805438d   Thumb Code    48  __0sscanf.o(.text)
    _scanf_int                               0x080543c5   Thumb Code   332  _scanf_int.o(.text)
    _scanf_string                            0x08054511   Thumb Code   224  _scanf_str.o(.text)
    atoi                                     0x080545f1   Thumb Code    26  atoi.o(.text)
    atol                                     0x0805460b   Thumb Code    26  atol.o(.text)
    __aeabi_fadd                             0x08054625   Thumb Code   164  fadd.o(.text)
    __aeabi_fsub                             0x080546c9   Thumb Code     6  fadd.o(.text)
    __aeabi_frsub                            0x080546cf   Thumb Code     6  fadd.o(.text)
    __ARM_scalbnf                            0x080546d5   Thumb Code    24  fscalb.o(.text)
    scalbnf                                  0x080546d5   Thumb Code     0  fscalb.o(.text)
    __aeabi_dadd                             0x080546ed   Thumb Code   322  dadd.o(.text)
    __aeabi_dsub                             0x0805482f   Thumb Code     6  dadd.o(.text)
    __aeabi_drsub                            0x08054835   Thumb Code     6  dadd.o(.text)
    __aeabi_dmul                             0x0805483b   Thumb Code   228  dmul.o(.text)
    __aeabi_ddiv                             0x0805491f   Thumb Code   222  ddiv.o(.text)
    __ARM_scalbn                             0x080549fd   Thumb Code    46  dscalb.o(.text)
    scalbn                                   0x080549fd   Thumb Code     0  dscalb.o(.text)
    __aeabi_ui2f                             0x08054a2b   Thumb Code    10  ffltui.o(.text)
    __aeabi_i2d                              0x08054a35   Thumb Code    34  dflti.o(.text)
    __aeabi_ui2d                             0x08054a57   Thumb Code    26  dfltui.o(.text)
    __aeabi_d2iz                             0x08054a71   Thumb Code    62  dfixi.o(.text)
    __aeabi_f2d                              0x08054aaf   Thumb Code    38  f2d.o(.text)
    __aeabi_cdrcmple                         0x08054ad5   Thumb Code    48  cdrcmple.o(.text)
    __aeabi_d2f                              0x08054b05   Thumb Code    56  d2f.o(.text)
    __aeabi_uidiv                            0x08054b3d   Thumb Code     0  uidiv.o(.text)
    __aeabi_uidivmod                         0x08054b3d   Thumb Code    44  uidiv.o(.text)
    __aeabi_llsl                             0x08054b69   Thumb Code    30  llshl.o(.text)
    _ll_shift_l                              0x08054b69   Thumb Code     0  llshl.o(.text)
    __aeabi_llsr                             0x08054b87   Thumb Code    32  llushr.o(.text)
    _ll_ushift_r                             0x08054b87   Thumb Code     0  llushr.o(.text)
    __aeabi_lasr                             0x08054ba7   Thumb Code    36  llsshr.o(.text)
    _ll_sshift_r                             0x08054ba7   Thumb Code     0  llsshr.o(.text)
    _chval                                   0x08054bcb   Thumb Code    28  _chval.o(.text)
    __vfscanf_char                           0x08054bf5   Thumb Code    20  scanf_char.o(.text)
    _sgetc                                   0x08054c11   Thumb Code    30  _sgetc.o(.text)
    _sbackspace                              0x08054c2f   Thumb Code    34  _sgetc.o(.text)
    strtol                                   0x08054c51   Thumb Code   112  strtol.o(.text)
    __I$use$fp                               0x08054cc1   Thumb Code     0  iusefp.o(.text)
    _float_round                             0x08054cc1   Thumb Code    18  fepilogue.o(.text)
    _float_epilogue                          0x08054cd3   Thumb Code    92  fepilogue.o(.text)
    _double_round                            0x08054d2f   Thumb Code    30  depilogue.o(.text)
    _double_epilogue                         0x08054d4d   Thumb Code   156  depilogue.o(.text)
    __aeabi_d2ulz                            0x08054de9   Thumb Code    48  dfixul.o(.text)
    __scatterload                            0x08054e19   Thumb Code    28  init.o(.text)
    __scatterload_rt2                        0x08054e19   Thumb Code     0  init.o(.text)
    __vfscanf                                0x08054e3d   Thumb Code   808  _scanf.o(.text)
    _strtoul                                 0x08055169   Thumb Code   158  _strtoul.o(.text)
    __decompress                             0x08055207   Thumb Code     0  __dczerorl2.o(.text)
    __decompress1                            0x08055207   Thumb Code    86  __dczerorl2.o(.text)
    __0printf                                0x0805525d   Thumb Code    22  printfa.o(i.__0printf)
    __1printf                                0x0805525d   Thumb Code     0  printfa.o(i.__0printf)
    __2printf                                0x0805525d   Thumb Code     0  printfa.o(i.__0printf)
    __c89printf                              0x0805525d   Thumb Code     0  printfa.o(i.__0printf)
    printf                                   0x0805525d   Thumb Code     0  printfa.o(i.__0printf)
    __0sprintf                               0x0805527d   Thumb Code    34  printfa.o(i.__0sprintf)
    __1sprintf                               0x0805527d   Thumb Code     0  printfa.o(i.__0sprintf)
    __2sprintf                               0x0805527d   Thumb Code     0  printfa.o(i.__0sprintf)
    __c89sprintf                             0x0805527d   Thumb Code     0  printfa.o(i.__0sprintf)
    sprintf                                  0x0805527d   Thumb Code     0  printfa.o(i.__0sprintf)
    __0vsnprintf                             0x080552a5   Thumb Code    40  printfa.o(i.__0vsnprintf)
    __1vsnprintf                             0x080552a5   Thumb Code     0  printfa.o(i.__0vsnprintf)
    __2vsnprintf                             0x080552a5   Thumb Code     0  printfa.o(i.__0vsnprintf)
    __c89vsnprintf                           0x080552a5   Thumb Code     0  printfa.o(i.__0vsnprintf)
    vsnprintf                                0x080552a5   Thumb Code     0  printfa.o(i.__0vsnprintf)
    __aeabi_errno_addr                       0x080552d1   Thumb Code     4  errno.o(i.__aeabi_errno_addr)
    __rt_errno_addr                          0x080552d1   Thumb Code     0  errno.o(i.__aeabi_errno_addr)
    free                                     0x080552d9   Thumb Code    88  mallocr.o(i.__free$realloc)
    malloc                                   0x08055335   Thumb Code    64  mallocr.o(i.__malloc$realloc)
    __scatterload_copy                       0x08055385   Thumb Code    14  handlers.o(i.__scatterload_copy)
    __scatterload_null                       0x08055393   Thumb Code     2  handlers.o(i.__scatterload_null)
    __scatterload_zeroinit                   0x08055395   Thumb Code    14  handlers.o(i.__scatterload_zeroinit)
    realloc                                  0x08055cc9   Thumb Code   102  mallocr.o(i.realloc)
    FirmWareVer                              0x08055d34   Data           4  wm_main.o(.constdata)
    HwVer                                    0x08055d38   Data           6  wm_main.o(.constdata)
    baud_rates                               0x08055d40   Data          68  wm_driver.o(.constdata)
    SysCreatedDate                           0x0805686c   Data          12  wm_cmd.o(.constdata)
    SysCreatedTime                           0x08056878   Data           9  wm_cmd.o(.constdata)
    memp_RAW_PCB                             0x08056896   Data           2  lwip2.0.3.o(.constdata)
    memp_UDP_PCB                             0x08056898   Data           2  lwip2.0.3.o(.constdata)
    memp_TCP_PCB                             0x0805689a   Data           2  lwip2.0.3.o(.constdata)
    memp_TCP_PCB_LISTEN                      0x0805689c   Data           2  lwip2.0.3.o(.constdata)
    memp_TCP_SEG                             0x0805689e   Data           2  lwip2.0.3.o(.constdata)
    memp_REASSDATA                           0x080568a0   Data           2  lwip2.0.3.o(.constdata)
    memp_FRAG_PBUF                           0x080568a2   Data           2  lwip2.0.3.o(.constdata)
    memp_NETBUF                              0x080568a4   Data           2  lwip2.0.3.o(.constdata)
    memp_NETCONN                             0x080568a6   Data           2  lwip2.0.3.o(.constdata)
    memp_TCPIP_MSG_API                       0x080568a8   Data           2  lwip2.0.3.o(.constdata)
    memp_TCPIP_MSG_INPKT                     0x080568aa   Data           2  lwip2.0.3.o(.constdata)
    memp_IGMP_GROUP                          0x080568ac   Data           2  lwip2.0.3.o(.constdata)
    memp_SYS_TIMEOUT                         0x080568ae   Data           2  lwip2.0.3.o(.constdata)
    memp_NETDB                               0x080568b0   Data           2  lwip2.0.3.o(.constdata)
    memp_PBUF                                0x080568b2   Data           2  lwip2.0.3.o(.constdata)
    memp_PBUF_POOL                           0x080568b4   Data           2  lwip2.0.3.o(.constdata)
    ip_addr_any                              0x080568b8   Data           4  lwip2.0.3.o(.constdata)
    ip_addr_broadcast                        0x080568bc   Data           4  lwip2.0.3.o(.constdata)
    ethbroadcast                             0x080568c0   Data           6  lwip2.0.3.o(.constdata)
    ethzero                                  0x080568c6   Data           6  lwip2.0.3.o(.constdata)
    memp_pools                               0x080568dc   Data          64  lwip2.0.3.o(.constdata)
    tcp_pcb_lists                            0x08056958   Data          16  lwip2.0.3.o(.constdata)
    lwip_cyclic_timers                       0x08056968   Data          56  lwip2.0.3.o(.constdata)
    hed_rf_txgainmap                         0x08056ddc   Data          64  tls_wl_rf.o(.constdata)
    central_freq                             0x08056e1c   Data         120  tls_wl_rf.o(.constdata)
    bbp_value                                0x08056fac   Data          80  tls_wl_phy.o(.constdata)
    __ctype_table                            0x080578c3   Data         129  ctype_o.o(.constdata)
    Region$$Table$$Base                      0x08057fa8   Number         0  anon$$obj.o(Region$$Table)
    Region$$Table$$Limit                     0x08057fc8   Number         0  anon$$obj.o(Region$$Table)
    __stdout                                 0x20000000   Data           4  retarget.o(.data)
    libc_sem                                 0x20000004   Data           4  wm_main.o(.data)
    tst_flag                                 0x2000000d   Data           1  wm_driver.o(.data)
    intr_counter                             0x2000000e   Data           1  wm_driver.o(.data)
    crypto_complete                          0x20000091   Data           1  wm_common.o(.data)
    memory_manager_initialized               0x20000092   Data           1  wm_common.o(.data)
    updp_mode                                0x20000093   Data           1  wm_common.o(.data)
    mem_sem                                  0x200000a4   Data           4  wm_common.o(.data)
    guconeshotflag                           0x200000d8   Data           1  wm_wifi_oneshot.o(.data)
    gucssidokflag                            0x200000d9   Data           1  wm_wifi_oneshot.o(.data)
    gucbssidokflag                           0x200000da   Data           1  wm_wifi_oneshot.o(.data)
    gucpwdokflag                             0x200000db   Data           1  wm_wifi_oneshot.o(.data)
    exceptchan                               0x200000dd   Data           1  wm_wifi_oneshot.o(.data)
    guchandshakeflag                         0x200000df   Data           1  wm_wifi_oneshot.o(.data)
    oneshottime                              0x200000f8   Data           4  wm_wifi_oneshot.o(.data)
    oneshot_msg_q                            0x20000100   Data           4  wm_wifi_oneshot.o(.data)
    first_start_oneshot_flag                 0x20000104   Data           4  wm_wifi_oneshot.o(.data)
    is_airkiss                               0x20000160   Data           1  wm_oneshot_airkiss.o(.data)
    gfwupdatemode                            0x20000170   Data           1  wm_cmd.o(.data)
    default_socket                           0x20000171   Data           1  wm_cmd.o(.data)
    pSession_flag                            0x20000172   Data           1  wm_cmd.o(.data)
    gulCalFlag                               0x20000173   Data           1  wm_cmd.o(.data)
    RSTTIMER                                 0x20000178   Data           4  wm_cmd.o(.data)
    set_uart0_mode_callback                  0x20000184   Data           4  wm_cmd.o(.data)
    get_uart1_port_callback                  0x20000188   Data           4  wm_cmd.o(.data)
    set_uart1_mode_callback                  0x2000018c   Data           4  wm_cmd.o(.data)
    set_uart1_sock_param_callback            0x20000190   Data           4  wm_cmd.o(.data)
    g_hspi                                   0x20000194   Data           8  wm_cmd.o(.data)
    wl_task_param_hostif                     0x2000019c   Data          20  wm_cmd.o(.data)
    os_cnter                                 0x200008a0   Data           4  wm_rtos.o(.data)
    pxCurrentTCB                             0x200008a4   Data           4  wm_rtos.o(.data)
    pxCurrentCoRoutine                       0x200008ec   Data           4  wm_rtos.o(.data)
    pbuf_free_ooseq_pending                  0x20000944   Data           1  lwip2.0.3.o(.data)
    tcp_active_pcbs_changed                  0x20000945   Data           1  lwip2.0.3.o(.data)
    lwip_task_priopity_stack                 0x2000094c   Data           1  lwip2.0.3.o(.data)
    netconn_aborted                          0x2000094d   Data           1  lwip2.0.3.o(.data)
    current_src_ip                           0x20000968   Data           4  lwip2.0.3.o(.data)
    sndbuf_len                               0x2000096c   Data           4  lwip2.0.3.o(.data)
    netif_list                               0x20000994   Data           4  lwip2.0.3.o(.data)
    netif_default                            0x20000998   Data           4  lwip2.0.3.o(.data)
    tcp_ticks                                0x200009a0   Data           4  lwip2.0.3.o(.data)
    tcp_bound_pcbs                           0x200009a4   Data           4  lwip2.0.3.o(.data)
    tcp_listen_pcbs                          0x200009a8   Data           4  lwip2.0.3.o(.data)
    tcp_active_pcbs                          0x200009ac   Data           4  lwip2.0.3.o(.data)
    tcp_tw_pcbs                              0x200009b0   Data           4  lwip2.0.3.o(.data)
    tcp_input_pcb                            0x200009c8   Data           4  lwip2.0.3.o(.data)
    udp_pcbs                                 0x200009cc   Data           4  lwip2.0.3.o(.data)
    h_errno                                  0x200009f8   Data           4  lwip2.0.3.o(.data)
    ap_iface                                 0x20000a58   Data           4  ap.o(.data)
    wpa_s                                    0x20000a70   Data           4  wpa_supplicant.o(.data)
    supplicant_event_ops                     0x20000a7c   Data          68  wpa_supplicant.o(.data)
    pfunstandby                              0x20000ac4   Data           4  tls_wl_core.o(.data)
    SEC_TXBUF_NUM                            0x20000ac8   Data           4  tls_wl_core.o(.data)
    SEC_RXBUF_NUM                            0x20000acc   Data           4  tls_wl_core.o(.data)
    SEC_TX_DESC_NUM                          0x20000ad0   Data           4  tls_wl_core.o(.data)
    wif                                      0x20000ad4   Data           4  tls_wl_core.o(.data)
    BEACON_BUF_ADDR                          0x20000ad8   Data           4  tls_wl_core.o(.data)
    BEACON_BUF_END_ADDR                      0x20000adc   Data           4  tls_wl_core.o(.data)
    SEC_TXBUF_BASE_ADDR                      0x20000ae0   Data           4  tls_wl_core.o(.data)
    SEC_TXBUF_TOTAL_SIZE                     0x20000ae4   Data           4  tls_wl_core.o(.data)
    SEC_TX_DESC_BASE_ADDR                    0x20000ae8   Data           4  tls_wl_core.o(.data)
    SEC_TX_DESC_TOTAL_SIZE                   0x20000aec   Data           4  tls_wl_core.o(.data)
    SEC_TX_FRM_HDR_BASE_ADDR                 0x20000af0   Data           4  tls_wl_core.o(.data)
    SEC_TX_FRM_HDR_TOTAL_SIZE                0x20000af4   Data           4  tls_wl_core.o(.data)
    MGMT_TX_FRM_HDR_BASE_ADDR                0x20000af8   Data           4  tls_wl_core.o(.data)
    MGMT_TXBUF_TOTAL_SIZE                    0x20000afc   Data           4  tls_wl_core.o(.data)
    MGMT_TX_DESC_BASE_ADDR                   0x20000b00   Data           4  tls_wl_core.o(.data)
    MGMT_TX_DESC_TOTAL_SIZE                  0x20000b04   Data           4  tls_wl_core.o(.data)
    SEC_RXBUF_BASE_ADDR                      0x20000b08   Data           4  tls_wl_core.o(.data)
    SEC_RXBUF_TOTAL_SIZE                     0x20000b0c   Data           4  tls_wl_core.o(.data)
    SEC_RX_DESC_BASE_ADDR                    0x20000b10   Data           4  tls_wl_core.o(.data)
    SEC_RX_DESC_TOTAL_SIZE                   0x20000b14   Data           4  tls_wl_core.o(.data)
    MAC_TXBUF_BASE_ADDR                      0x20000b18   Data           4  tls_wl_core.o(.data)
    MAC_MAX_BUF_SIZE                         0x20000b1c   Data           4  tls_wl_core.o(.data)
    MAC_MAX_TXBUF_CNT                        0x20000b20   Data           4  tls_wl_core.o(.data)
    MAC_MAX_RXBUF_CNT                        0x20000b24   Data           4  tls_wl_core.o(.data)
    MAC_RXBUF_BASE_ADDR                      0x20000b28   Data           4  tls_wl_core.o(.data)
    MAC_RXBUF_END_ADDR                       0x20000b2c   Data           4  tls_wl_core.o(.data)
    MAC_TX_WB_BD_BUFFER_ADDR                 0x20000b30   Data           4  tls_wl_core.o(.data)
    MAC_TX_WB_BD_BUFFER_END_ADDR             0x20000b34   Data           4  tls_wl_core.o(.data)
    wl_region                                0x20000b38   Data          24  tls_wl_hw.o(.data)
    band_2GHz                                0x20000b50   Data          44  tls_wl_hw.o(.data)
    sleepmode                                0x20000c84   Data           1  tls_wl_if.o(.data)
    hed_rf_current_channel                   0x20000c9c   Data           4  tls_wl_rf.o(.data)
    hed_rf_chan_type                         0x20000ca0   Data           4  tls_wl_rf.o(.data)
    rf_set_chan_common_data_20m              0x20000ca4   Data         120  tls_wl_rf.o(.data)
    rf_chan24g_20m                           0x20000d1c   Data         120  tls_wl_rf.o(.data)
    cos_1M                                   0x20000d94   Data         156  tls_wl_rf.o(.data)
    cos_2M                                   0x20000e30   Data          80  tls_wl_rf.o(.data)
    cos_5M                                   0x20000e80   Data          32  tls_wl_rf.o(.data)
    cos_10M                                  0x20000ea0   Data          16  tls_wl_rf.o(.data)
    litept_tx_flag                           0x20000eb0   Data           4  tls_wl_tx.o(.data)
    g_wl_txbuf                               0x20000eb4   Data           4  tls_wl_tx.o(.data)
    rfc1042_header                           0x20000eb8   Data           6  tls_wl_tx.o(.data)
    bridge_tunnel_header                     0x20000ebe   Data           6  tls_wl_tx.o(.data)
    g_wifi_data_recv_callback                0x20000ec4   Data           4  wm_wifi_api.o(.data)
    g_wifi_data_ext_recv_callback            0x20000ec8   Data           4  wm_wifi_api.o(.data)
    g_ltpt_testmode                          0x20000ee8   Data           4  litepoint.o(.data)
    rndmem                                   0x20000eec   Data           4  litepoint.o(.data)
    g_ltpt_rxinfo                            0x20000ef4   Data           4  litepoint.o(.data)
    g_ltpt_txinfo                            0x20000ef8   Data           4  litepoint.o(.data)
    rateArray                                0x20000efc   Data         116  litepoint.o(.data)
    g_eap_wsc_data                           0x20000f84   Data           4  eap_wsc.o(.data)
    f_bss                                    0x20000fb4   Data           4  tls_wl_bss.o(.data)
    g_wl_rxbuf                               0x200011dc   Data           4  tls_wl_rx.o(.data)
    angel                                    0x200011e4   Data        2404  tls_rf_tx_iq.o(.data)
    _set_chan_common_iqmismatch_20mrf        0x20001b48   Data          88  tls_rf_tx_iq.o(.data)
    sample_num                               0x20001ba0   Data           4  tx_lo_cal.o(.data)
    tx_rx                                    0x20001ba4   Data           4  tx_lo_cal.o(.data)
    _set_chan_common_data_20mrf              0x20001ba8   Data          88  tx_lo_cal.o(.data)
    sin16                                    0x20001c00   Data          64  tx_lo_cal.o(.data)
    cos16                                    0x20001c40   Data          64  tx_lo_cal.o(.data)
    cos132                                   0x20001c80   Data          64  tx_lo_cal.o(.data)
    sin132                                   0x20001cc0   Data          64  tx_lo_cal.o(.data)
    FFT_Data                                 0x20001d04   Data           4  tls_rf_fft.o(.data)
    tempRev                                  0x20001d08   Data           4  tls_rf_fft.o(.data)
    __microlib_freelist                      0x20001d28   Data           4  mvars.o(.data)
    __microlib_freelist_initialised          0x20001d2c   Data           4  mvars.o(.data)
    __initial_sp                             0x20002130   Data           0  startup_venus.o(.bss)
    TaskStartStk                             0x200022b0   Data        4800  wm_main.o(.bss)
    uart_port                                0x20003b18   Data         420  wm_driver.o(.bss)
    intr_handler_vect                        0x20003ebc   Data         164  wm_driver.o(.bss)
    g_slave_hspi                             0x20003f74   Data          24  wm_driver.o(.bss)
    gst_adc                                  0x2000402c   Data          20  wm_driver.o(.bss)
    sc_io                                    0x20004074   Data          20  wm_driver.o(.bss)
    imgheader                                0x20004488   Data         112  wm_common.o(.bss)
    wl_msg                                   0x20004518   Data         160  wm_common.o(.bss)
    next_timeout                             0x200045b8   Data          36  wm_common.o(.bss)
    user_default_param                       0x20004c30   Data         800  wm_common.o(.bss)
    socket_cfg                               0x20006394   Data          48  wm_cmd.o(.bss)
    g_hostif                                 0x200063c4   Data          44  wm_cmd.o(.bss)
    sockrecvmit                              0x200063f0   Data          80  wm_cmd.o(.bss)
    skt_desc_def                             0x20006440   Data          80  wm_cmd.o(.bss)
    skt_desc                                 0x20006490   Data          80  wm_cmd.o(.bss)
    uart_st                                  0x200064e0   Data          96  wm_cmd.o(.bss)
    ricmd_buffer                             0x20006540   Data         208  wm_cmd.o(.bss)
    hostif_stk                               0x20006610   Data        2000  wm_cmd.o(.bss)
    conn_op_completed                        0x2000a3f4   Data          80  lwip2.0.3.o(.bss)
    p_net_conn                               0x2000a56c   Data          80  lwip2.0.3.o(.bss)
    lwip_stats                               0x2000aa88   Data         214  lwip2.0.3.o(.bss)
    ip_data                                  0x2000ab70   Data          24  lwip2.0.3.o(.bss)
    dhcp_rx_options_val                      0x2000ab9c   Data          40  lwip2.0.3.o(.bss)
    dhcp_rx_options_given                    0x2000abc4   Data          10  lwip2.0.3.o(.bss)
    lwip_task_stk                            0x2000acc0   Data        2048  lwip2.0.3.o(.bss)
    socket_ipv4_multicast_memberships        0x2000b4cc   Data          96  lwip2.0.3.o(.bss)
    supplicant_task_stk                      0x2000bea8   Data        8192  wpa_supplicant.o(.bss)
    supplicant_timer_task_stk                0x2000dea8   Data         512  wpa_supplicant.o(.bss)
    tx_gain_group                            0x2000e0a8   Data          84  tls_wl_core.o(.bss)
    scan_task_stk                            0x2000e0fc   Data         800  tls_wl_core.o(.bss)
    mlme_task_stk                            0x2000e41c   Data        1200  tls_wl_core.o(.bss)
    rx_task_stk                              0x2000e8cc   Data        1600  tls_wl_core.o(.bss)
    bss_mgmt_task_stk                        0x2000ef0c   Data         512  tls_wl_core.o(.bss)
    g_wl_mgmt_txbuf                          0x2000f10c   Data         216  tls_wl_tx.o(.bss)
    gauiqpwr                                 0x2000f6a0   Data        2048  tls_rf_tx_iq.o(.bss)
    gauleakagepwrI                           0x2000fea0   Data         512  tx_lo_cal.o(.bss)
    gauleakagepwrq                           0x200100a0   Data         512  tx_lo_cal.o(.bss)
    __heap_base                              0x200102c8   Data           0  startup_venus.o(HEAP)
    __heap_limit                             0x2002a2c8   Data           0  startup_venus.o(HEAP)



==============================================================================

Memory Map of the image

  Image Entry point : 0x0800e0ed

  Load Region LR_IROM1 (Base: 0x0800e000, Size: 0x0004bcf8, Max: 0x00080000, ABSOLUTE, COMPRESSED[0x0004ae4c])

    Execution Region ER_IROM1 (Exec base: 0x0800e000, Load base: 0x0800e000, Size: 0x00049fc8, Max: 0x00080000, ABSOLUTE)

    Exec Addr    Load Addr    Size         Type   Attr      Idx    E Section Name        Object

    0x0800e000   0x0800e000   0x000000ec   Data   RO          131    RESET               startup_venus.o
    0x0800e0ec   0x0800e0ec   0x00000000   Code   RO         7701  * .ARM.Collect$$$$00000000  mc_w.l(entry.o)
    0x0800e0ec   0x0800e0ec   0x00000004   Code   RO         8176    .ARM.Collect$$$$00000001  mc_w.l(entry2.o)
    0x0800e0f0   0x0800e0f0   0x00000004   Code   RO         8179    .ARM.Collect$$$$00000004  mc_w.l(entry5.o)
    0x0800e0f4   0x0800e0f4   0x00000000   Code   RO         8181    .ARM.Collect$$$$00000008  mc_w.l(entry7b.o)
    0x0800e0f4   0x0800e0f4   0x00000000   Code   RO         8183    .ARM.Collect$$$$0000000A  mc_w.l(entry8b.o)
    0x0800e0f4   0x0800e0f4   0x00000008   Code   RO         8184    .ARM.Collect$$$$0000000B  mc_w.l(entry9a.o)
    0x0800e0fc   0x0800e0fc   0x00000000   Code   RO         8186    .ARM.Collect$$$$0000000D  mc_w.l(entry10a.o)
    0x0800e0fc   0x0800e0fc   0x00000000   Code   RO         8188    .ARM.Collect$$$$0000000F  mc_w.l(entry11a.o)
    0x0800e0fc   0x0800e0fc   0x00000004   Code   RO         8177    .ARM.Collect$$$$00002712  mc_w.l(entry2.o)
    0x0800e100   0x0800e100   0x00000096   Code   RO         1620    .emb_text           wm_rtos.o
    0x0800e196   0x0800e196   0x00000002   PAD
    0x0800e198   0x0800e198   0x00000018   Code   RO            1    .text               main.o
    0x0800e1b0   0x0800e1b0   0x00000028   Code   RO          132    .text               startup_venus.o
    0x0800e1d8   0x0800e1d8   0x00000044   Code   RO          137    .text               retarget.o
    0x0800e21c   0x0800e21c   0x000000cc   Code   RO          174    .text               misc.o
    0x0800e2e8   0x0800e2e8   0x00000158   Code   RO          193    .text               wm_main.o
    0x0800e440   0x0800e440   0x000003a0   Code   RO          365    .text               tls_sys.o
    0x0800e7e0   0x0800e7e0   0x000050a0   Code   RO          400    .text               wm_driver.o
    0x08013880   0x08013880   0x00006500   Code   RO          647    .text               wm_common.o
    0x08019d80   0x08019d80   0x000002a8   Code   RO         1038    .text               wm_adc_demo.o
    0x0801a028   0x0801a028   0x000008ec   Code   RO         1232    .text               dhcp_server.o
    0x0801a914   0x0801a914   0x0000031c   Code   RO         1382    .text               dns_server.o
    0x0801ac30   0x0801ac30   0x00001820   Code   RO         1406    .text               wm_wifi_oneshot.o
    0x0801c450   0x0801c450   0x00000378   Code   RO         1439    .text               wm_oneshot_airkiss.o
    0x0801c7c8   0x0801c7c8   0x00007068   Code   RO         1472    .text               wm_cmd.o
    0x08023830   0x08023830   0x00001b9c   Code   RO         1621    .text               wm_rtos.o
    0x080253cc   0x080253cc   0x0000c05c   Code   RO         1702    .text               lwip2.0.3.o
    0x08031428   0x08031428   0x000019cc   Code   RO         2941    .text               wm_http_compile.o
    0x08032df4   0x08032df4   0x00000564   Code   RO         3008    .text               ping.o
    0x08033358   0x08033358   0x00000230   Code   RO         4112    .text               wm_http_fwup.o
    0x08033588   0x08033588   0x00000170   Code   RO         4144    .text               wm_socket_fwup.o
    0x080336f8   0x080336f8   0x000009c0   Code   RO         4171    .text               libairkiss_log.lib(airkiss_log.o)
    0x080340b8   0x080340b8   0x00000258   Code   RO         4174    .text               libairkiss_log.lib(airlink.o)
    0x08034310   0x08034310   0x0000085c   Code   RO         4203    .text               wlan.lib(ap.o)
    0x08034b6c   0x08034b6c   0x0000151e   Code   RO         4348    .text               wlan.lib(libtommath.o)
    0x0803608a   0x0803608a   0x00000002   PAD
    0x0803608c   0x0803608c   0x000008c0   Code   RO         4386    .text               wlan.lib(md5.o)
    0x0803694c   0x0803694c   0x00000180   Code   RO         4459    .text               wlan.lib(random.o)
    0x08036acc   0x08036acc   0x00000116   Code   RO         4497    .text               wlan.lib(rc4.o)
    0x08036be2   0x08036be2   0x00000180   Code   RO         4538    .text               wlan.lib(sha1.o)
    0x08036d62   0x08036d62   0x00000002   PAD
    0x08036d64   0x08036d64   0x00000fd4   Code   RO         4560    .text               wlan.lib(sha1_internal.o)
    0x08037d38   0x08037d38   0x00000488   Code   RO         4603    .text               wlan.lib(sha256.o)
    0x080381c0   0x080381c0   0x000018f0   Code   RO         4621    .text               wlan.lib(wpa_supplicant.o)
    0x08039ab0   0x08039ab0   0x000008d2   Code   RO         4762    .text               wlan.lib(tls_wl_core.o)
    0x0803a382   0x0803a382   0x00000002   PAD
    0x0803a384   0x0803a384   0x00000cb4   Code   RO         4846    .text               wlan.lib(tls_wl_hw.o)
    0x0803b038   0x0803b038   0x00000abc   Code   RO         4895    .text               wlan.lib(tls_wl_if.o)
    0x0803baf4   0x0803baf4   0x00000924   Code   RO         4932    .text               wlan.lib(tls_wl_rf.o)
    0x0803c418   0x0803c418   0x00001298   Code   RO         4963    .text               wlan.lib(tls_wl_tx.o)
    0x0803d6b0   0x0803d6b0   0x0000136c   Code   RO         5032    .text               wlan.lib(wm_wifi_api.o)
    0x0803ea1c   0x0803ea1c   0x00000868   Code   RO         5230    .text               wlan.lib(wm_wifi_oneshot_api.o)
    0x0803f284   0x0803f284   0x00000524   Code   RO         5267    .text               wlan.lib(litepoint.o)
    0x0803f7a8   0x0803f7a8   0x000007c4   Code   RO         5356    .text               airm2m_flash.lib(wm_internal_fls.o)
    0x0803ff6c   0x0803ff6c   0x00000276   Code   RO         5411    .text               wlan.lib(bss.o)
    0x080401e2   0x080401e2   0x00000002   PAD
    0x080401e4   0x080401e4   0x00001056   Code   RO         5466    .text               wlan.lib(events.o)
    0x0804123a   0x0804123a   0x00000002   PAD
    0x0804123c   0x0804123c   0x00000320   Code   RO         5547    .text               wlan.lib(hostapd.o)
    0x0804155c   0x0804155c   0x00000094   Code   RO         5610    .text               wlan.lib(ieee802_1x.o)
    0x080415f0   0x080415f0   0x000009d0   Code   RO         5668    .text               wlan.lib(ieee802_11.o)
    0x08041fc0   0x08041fc0   0x00000286   Code   RO         5726    .text               wlan.lib(ieee802_11_common.o)
    0x08042246   0x08042246   0x0000006c   Code   RO         5766    .text               wlan.lib(os_internal.o)
    0x080422b2   0x080422b2   0x000002a6   Code   RO         5782    .text               wlan.lib(scan.o)
    0x08042558   0x08042558   0x000000f8   Code   RO         5832    .text               wlan.lib(sha1-pbkdf2.o)
    0x08042650   0x08042650   0x000005b4   Code   RO         5851    .text               wlan.lib(hostapd_sta_info.o)
    0x08042c04   0x08042c04   0x000000dc   Code   RO         5904    .text               wlan.lib(tkip_countermeasures.o)
    0x08042ce0   0x08042ce0   0x00001016   Code   RO         5956    .text               wlan.lib(wpa.o)
    0x08043cf6   0x08043cf6   0x00000022   Code   RO         6039    .text               wlan.lib(wpa_debug.o)
    0x08043d18   0x08043d18   0x00000476   Code   RO         6063    .text               wlan.lib(wpa_driver.o)
    0x0804418e   0x0804418e   0x00000002   PAD
    0x08044190   0x08044190   0x000003b4   Code   RO         6113    .text               wlan.lib(wpa_ie.o)
    0x08044544   0x08044544   0x0000012e   Code   RO         6159    .text               wlan.lib(wpabuf.o)
    0x08044672   0x08044672   0x00000002   PAD
    0x08044674   0x08044674   0x0000032c   Code   RO         6179    .text               wlan.lib(wpas_glue.o)
    0x080449a0   0x080449a0   0x000008c0   Code   RO         6237    .text               wlan.lib(wps_supplicant.o)
    0x08045260   0x08045260   0x00000688   Code   RO         6305    .text               wlan.lib(eap_wsc.o)
    0x080458e8   0x080458e8   0x00000d0c   Code   RO         6345    .text               wlan.lib(eapol_supp_sm.o)
    0x080465f4   0x080465f4   0x00000490   Code   RO         6400    .text               wlan.lib(wps.o)
    0x08046a84   0x08046a84   0x0000060a   Code   RO         6449    .text               wlan.lib(wps_common.o)
    0x0804708e   0x0804708e   0x00000002   PAD
    0x08047090   0x08047090   0x0000071c   Code   RO         6474    .text               wlan.lib(tls_wl_bss.o)
    0x080477ac   0x080477ac   0x000002f6   Code   RO         6531    .text               wlan.lib(tls_wl_key.o)
    0x08047aa2   0x08047aa2   0x00000002   PAD
    0x08047aa4   0x08047aa4   0x00000c5c   Code   RO         6564    .text               wlan.lib(tls_wl_mgmt.o)
    0x08048700   0x08048700   0x00001750   Code   RO         6593    .text               wlan.lib(tls_wl_mlme.o)
    0x08049e50   0x08049e50   0x00000080   Code   RO         6638    .text               wlan.lib(tls_wl_phy.o)
    0x08049ed0   0x08049ed0   0x00000880   Code   RO         6670    .text               wlan.lib(tls_wl_rc.o)
    0x0804a750   0x0804a750   0x0000126c   Code   RO         6702    .text               wlan.lib(tls_wl_rx.o)
    0x0804b9bc   0x0804b9bc   0x0000030c   Code   RO         6761    .text               wlan.lib(tls_wl_scan.o)
    0x0804bcc8   0x0804bcc8   0x00000234   Code   RO         6796    .text               wlan.lib(tls_wl_sta_info.o)
    0x0804befc   0x0804befc   0x0000047c   Code   RO         6823    .text               wlan.lib(tls_wl_util.o)
    0x0804c378   0x0804c378   0x00000dc4   Code   RO         6857    .text               wlan.lib(tls_rf_tx_iq.o)
    0x0804d13c   0x0804d13c   0x00001184   Code   RO         6881    .text               wlan.lib(tx_lo_cal.o)
    0x0804e2c0   0x0804e2c0   0x000000e6   Code   RO         6906    .text               wlan.lib(aes.o)
    0x0804e3a6   0x0804e3a6   0x000000b4   Code   RO         6964    .text               wlan.lib(aes_unwrap.o)
    0x0804e45a   0x0804e45a   0x00000036   Code   RO         6983    .text               wlan.lib(ap_mlme.o)
    0x0804e490   0x0804e490   0x000004cc   Code   RO         7018    .text               wlan.lib(beacon.o)
    0x0804e95c   0x0804e95c   0x00000104   Code   RO         7076    .text               wlan.lib(common.o)
    0x0804ea60   0x0804ea60   0x00001704   Code   RO         7097    .text               wlan.lib(wpa_auth.o)
    0x08050164   0x08050164   0x00000080   Code   RO         7156    .text               wlan.lib(wpa_auth_glue.o)
    0x080501e4   0x080501e4   0x00000668   Code   RO         7205    .text               wlan.lib(wpa_auth_ie.o)
    0x0805084c   0x0805084c   0x00000568   Code   RO         7245    .text               wlan.lib(wpa_common.o)
    0x08050db4   0x08050db4   0x00000250   Code   RO         7273    .text               wlan.lib(hostapd_wpa_driver.o)
    0x08051004   0x08051004   0x00000048   Code   RO         7326    .text               wlan.lib(dh_group5.o)
    0x0805104c   0x0805104c   0x00000130   Code   RO         7357    .text               wlan.lib(eap_common.o)
    0x0805117c   0x0805117c   0x00000d02   Code   RO         7382    .text               wlan.lib(eap.o)
    0x08051e7e   0x08051e7e   0x00000002   PAD
    0x08051e80   0x08051e80   0x00000108   Code   RO         7420    .text               wlan.lib(eap_methods.o)
    0x08051f88   0x08051f88   0x000004ae   Code   RO         7454    .text               wlan.lib(wps_attr_build.o)
    0x08052436   0x08052436   0x000003d6   Code   RO         7482    .text               wlan.lib(wps_attr_parse.o)
    0x0805280c   0x0805280c   0x000004c6   Code   RO         7507    .text               wlan.lib(wps_dev_attr.o)
    0x08052cd2   0x08052cd2   0x00000d8a   Code   RO         7533    .text               wlan.lib(wps_enrollee.o)
    0x08053a5c   0x08053a5c   0x00000160   Code   RO         7558    .text               wlan.lib(tls_rf_fft.o)
    0x08053bbc   0x08053bbc   0x000000a4   Code   RO         7594    .text               wlan.lib(aes_wrap.o)
    0x08053c60   0x08053c60   0x000001f0   Code   RO         7610    .text               wlan.lib(dh_groups.o)
    0x08053e50   0x08053e50   0x00000236   Code   RO         7639    .text               wlan.lib(wps_attr_process.o)
    0x08054086   0x08054086   0x00000090   Code   RO         7664    .text               wlan.lib(bignum.o)
    0x08054116   0x08054116   0x00000062   Code   RO         7704    .text               mc_w.l(uldiv.o)
    0x08054178   0x08054178   0x00000062   Code   RO         7706    .text               mc_w.l(ldiv.o)
    0x080541da   0x080541da   0x00000002   PAD
    0x080541dc   0x080541dc   0x00000008   Code   RO         7708    .text               mc_w.l(ctype_o.o)
    0x080541e4   0x080541e4   0x00000012   Code   RO         7730    .text               mc_w.l(isspace_o.o)
    0x080541f6   0x080541f6   0x0000000c   Code   RO         7736    .text               mc_w.l(toupper.o)
    0x08054202   0x08054202   0x0000000c   Code   RO         7738    .text               mc_w.l(tolower.o)
    0x0805420e   0x0805420e   0x00000002   PAD
    0x08054210   0x08054210   0x00000024   Code   RO         7740    .text               mc_w.l(rand.o)
    0x08054234   0x08054234   0x00000042   Code   RO         7753    .text               mc_w.l(memmove.o)
    0x08054276   0x08054276   0x00000024   Code   RO         7759    .text               mc_w.l(memseta.o)
    0x0805429a   0x0805429a   0x00000018   Code   RO         7761    .text               mc_w.l(strcat.o)
    0x080542b2   0x080542b2   0x00000024   Code   RO         7763    .text               mc_w.l(strstr.o)
    0x080542d6   0x080542d6   0x00000018   Code   RO         7765    .text               mc_w.l(strncpy.o)
    0x080542ee   0x080542ee   0x00000014   Code   RO         7767    .text               mc_w.l(strchr.o)
    0x08054302   0x08054302   0x0000000e   Code   RO         7769    .text               mc_w.l(strlen.o)
    0x08054310   0x08054310   0x0000001c   Code   RO         7771    .text               mc_w.l(strcmp.o)
    0x0805432c   0x0805432c   0x00000014   Code   RO         7773    .text               mc_w.l(memchr.o)
    0x08054340   0x08054340   0x0000001a   Code   RO         7775    .text               mc_w.l(memcmp.o)
    0x0805435a   0x0805435a   0x00000012   Code   RO         7779    .text               mc_w.l(strcpy.o)
    0x0805436c   0x0805436c   0x0000001e   Code   RO         7781    .text               mc_w.l(strncmp.o)
    0x0805438a   0x0805438a   0x00000002   PAD
    0x0805438c   0x0805438c   0x00000038   Code   RO         8097    .text               mc_w.l(__0sscanf.o)
    0x080543c4   0x080543c4   0x0000014c   Code   RO         8099    .text               mc_w.l(_scanf_int.o)
    0x08054510   0x08054510   0x000000e0   Code   RO         8101    .text               mc_w.l(_scanf_str.o)
    0x080545f0   0x080545f0   0x0000001a   Code   RO         8107    .text               mc_w.l(atoi.o)
    0x0805460a   0x0805460a   0x0000001a   Code   RO         8109    .text               mc_w.l(atol.o)
    0x08054624   0x08054624   0x000000b0   Code   RO         8113    .text               mf_w.l(fadd.o)
    0x080546d4   0x080546d4   0x00000018   Code   RO         8119    .text               mf_w.l(fscalb.o)
    0x080546ec   0x080546ec   0x0000014e   Code   RO         8121    .text               mf_w.l(dadd.o)
    0x0805483a   0x0805483a   0x000000e4   Code   RO         8123    .text               mf_w.l(dmul.o)
    0x0805491e   0x0805491e   0x000000de   Code   RO         8125    .text               mf_w.l(ddiv.o)
    0x080549fc   0x080549fc   0x0000002e   Code   RO         8127    .text               mf_w.l(dscalb.o)
    0x08054a2a   0x08054a2a   0x0000000a   Code   RO         8131    .text               mf_w.l(ffltui.o)
    0x08054a34   0x08054a34   0x00000022   Code   RO         8133    .text               mf_w.l(dflti.o)
    0x08054a56   0x08054a56   0x0000001a   Code   RO         8135    .text               mf_w.l(dfltui.o)
    0x08054a70   0x08054a70   0x0000003e   Code   RO         8139    .text               mf_w.l(dfixi.o)
    0x08054aae   0x08054aae   0x00000026   Code   RO         8141    .text               mf_w.l(f2d.o)
    0x08054ad4   0x08054ad4   0x00000030   Code   RO         8145    .text               mf_w.l(cdrcmple.o)
    0x08054b04   0x08054b04   0x00000038   Code   RO         8147    .text               mf_w.l(d2f.o)
    0x08054b3c   0x08054b3c   0x0000002c   Code   RO         8190    .text               mc_w.l(uidiv.o)
    0x08054b68   0x08054b68   0x0000001e   Code   RO         8192    .text               mc_w.l(llshl.o)
    0x08054b86   0x08054b86   0x00000020   Code   RO         8194    .text               mc_w.l(llushr.o)
    0x08054ba6   0x08054ba6   0x00000024   Code   RO         8196    .text               mc_w.l(llsshr.o)
    0x08054bca   0x08054bca   0x0000001c   Code   RO         8203    .text               mc_w.l(_chval.o)
    0x08054be6   0x08054be6   0x00000002   PAD
    0x08054be8   0x08054be8   0x00000028   Code   RO         8205    .text               mc_w.l(scanf_char.o)
    0x08054c10   0x08054c10   0x00000040   Code   RO         8207    .text               mc_w.l(_sgetc.o)
    0x08054c50   0x08054c50   0x00000070   Code   RO         8211    .text               mc_w.l(strtol.o)
    0x08054cc0   0x08054cc0   0x00000000   Code   RO         8215    .text               mc_w.l(iusefp.o)
    0x08054cc0   0x08054cc0   0x0000006e   Code   RO         8216    .text               mf_w.l(fepilogue.o)
    0x08054d2e   0x08054d2e   0x000000ba   Code   RO         8218    .text               mf_w.l(depilogue.o)
    0x08054de8   0x08054de8   0x00000030   Code   RO         8222    .text               mf_w.l(dfixul.o)
    0x08054e18   0x08054e18   0x00000024   Code   RO         8224    .text               mc_w.l(init.o)
    0x08054e3c   0x08054e3c   0x0000032c   Code   RO         8228    .text               mc_w.l(_scanf.o)
    0x08055168   0x08055168   0x0000009e   Code   RO         8230    .text               mc_w.l(_strtoul.o)
    0x08055206   0x08055206   0x00000056   Code   RO         8247    .text               mc_w.l(__dczerorl2.o)
    0x0805525c   0x0805525c   0x00000020   Code   RO         8034    i.__0printf         mc_w.l(printfa.o)
    0x0805527c   0x0805527c   0x00000028   Code   RO         8036    i.__0sprintf        mc_w.l(printfa.o)
    0x080552a4   0x080552a4   0x0000002c   Code   RO         8039    i.__0vsnprintf      mc_w.l(printfa.o)
    0x080552d0   0x080552d0   0x00000008   Code   RO         8090    i.__aeabi_errno_addr  mc_w.l(errno.o)
    0x080552d8   0x080552d8   0x0000005c   Code   RO         8066    i.__free$realloc    mc_w.l(mallocr.o)
    0x08055334   0x08055334   0x00000050   Code   RO         8067    i.__malloc$realloc  mc_w.l(mallocr.o)
    0x08055384   0x08055384   0x0000000e   Code   RO         8241    i.__scatterload_copy  mc_w.l(handlers.o)
    0x08055392   0x08055392   0x00000002   Code   RO         8242    i.__scatterload_null  mc_w.l(handlers.o)
    0x08055394   0x08055394   0x0000000e   Code   RO         8243    i.__scatterload_zeroinit  mc_w.l(handlers.o)
    0x080553a2   0x080553a2   0x00000002   PAD
    0x080553a4   0x080553a4   0x00000184   Code   RO         8041    i._fp_digits        mc_w.l(printfa.o)
    0x08055528   0x08055528   0x000006dc   Code   RO         8042    i._printf_core      mc_w.l(printfa.o)
    0x08055c04   0x08055c04   0x00000024   Code   RO         8043    i._printf_post_padding  mc_w.l(printfa.o)
    0x08055c28   0x08055c28   0x0000002e   Code   RO         8044    i._printf_pre_padding  mc_w.l(printfa.o)
    0x08055c56   0x08055c56   0x00000016   Code   RO         8045    i._snputc           mc_w.l(printfa.o)
    0x08055c6c   0x08055c6c   0x0000000a   Code   RO         8046    i._sputc            mc_w.l(printfa.o)
    0x08055c76   0x08055c76   0x00000002   PAD
    0x08055c78   0x08055c78   0x00000050   Code   RO         8068    i.internal_alloc    mc_w.l(mallocr.o)
    0x08055cc8   0x08055cc8   0x0000006c   Code   RO         8069    i.realloc           mc_w.l(mallocr.o)
    0x08055d34   0x08055d34   0x00000004   Data   RO          195    .constdata          wm_main.o
    0x08055d38   0x08055d38   0x00000006   Data   RO          196    .constdata          wm_main.o
    0x08055d3e   0x08055d3e   0x00000002   PAD
    0x08055d40   0x08055d40   0x00000044   Data   RO          402    .constdata          wm_driver.o
    0x08055d84   0x08055d84   0x00000ad8   Data   RO          650    .constdata          wm_common.o
    0x0805685c   0x0805685c   0x00000010   Data   RO         1441    .constdata          wm_oneshot_airkiss.o
    0x0805686c   0x0805686c   0x00000015   Data   RO         1475    .constdata          wm_cmd.o
    0x08056881   0x08056881   0x00000014   Data   RO         1623    .constdata          wm_rtos.o
    0x08056895   0x08056895   0x00000001   PAD
    0x08056896   0x08056896   0x00000002   Data   RO         1705    .constdata          lwip2.0.3.o
    0x08056898   0x08056898   0x00000002   Data   RO         1706    .constdata          lwip2.0.3.o
    0x0805689a   0x0805689a   0x00000002   Data   RO         1707    .constdata          lwip2.0.3.o
    0x0805689c   0x0805689c   0x00000002   Data   RO         1708    .constdata          lwip2.0.3.o
    0x0805689e   0x0805689e   0x00000002   Data   RO         1709    .constdata          lwip2.0.3.o
    0x080568a0   0x080568a0   0x00000002   Data   RO         1710    .constdata          lwip2.0.3.o
    0x080568a2   0x080568a2   0x00000002   Data   RO         1711    .constdata          lwip2.0.3.o
    0x080568a4   0x080568a4   0x00000002   Data   RO         1712    .constdata          lwip2.0.3.o
    0x080568a6   0x080568a6   0x00000002   Data   RO         1713    .constdata          lwip2.0.3.o
    0x080568a8   0x080568a8   0x00000002   Data   RO         1714    .constdata          lwip2.0.3.o
    0x080568aa   0x080568aa   0x00000002   Data   RO         1715    .constdata          lwip2.0.3.o
    0x080568ac   0x080568ac   0x00000002   Data   RO         1716    .constdata          lwip2.0.3.o
    0x080568ae   0x080568ae   0x00000002   Data   RO         1717    .constdata          lwip2.0.3.o
    0x080568b0   0x080568b0   0x00000002   Data   RO         1718    .constdata          lwip2.0.3.o
    0x080568b2   0x080568b2   0x00000002   Data   RO         1719    .constdata          lwip2.0.3.o
    0x080568b4   0x080568b4   0x00000002   Data   RO         1720    .constdata          lwip2.0.3.o
    0x080568b6   0x080568b6   0x00000002   PAD
    0x080568b8   0x080568b8   0x0000013c   Data   RO         1721    .constdata          lwip2.0.3.o
    0x080569f4   0x080569f4   0x00000010   Data   RO         2943    .constdata          wm_http_compile.o
    0x08056a04   0x08056a04   0x00000222   Data   RO         4172    .constdata          libairkiss_log.lib(airkiss_log.o)
    0x08056c26   0x08056c26   0x00000002   PAD
    0x08056c28   0x08056c28   0x00000004   Data   RO         4175    .constdata          libairkiss_log.lib(airlink.o)
    0x08056c2c   0x08056c2c   0x00000090   Data   RO         4204    .constdata          wlan.lib(ap.o)
    0x08056cbc   0x08056cbc   0x00000020   Data   RO         4461    .constdata          wlan.lib(random.o)
    0x08056cdc   0x08056cdc   0x00000100   Data   RO         4604    .constdata          wlan.lib(sha256.o)
    0x08056ddc   0x08056ddc   0x00000040   Data   RO         4933    .constdata          wlan.lib(tls_wl_rf.o)
    0x08056e1c   0x08056e1c   0x00000078   Data   RO         4934    .constdata          wlan.lib(tls_wl_rf.o)
    0x08056e94   0x08056e94   0x00000068   Data   RO         5548    .constdata          wlan.lib(hostapd.o)
    0x08056efc   0x08056efc   0x000000b0   Data   RO         5957    .constdata          wlan.lib(wpa.o)
    0x08056fac   0x08056fac   0x00000050   Data   RO         6639    .constdata          wlan.lib(tls_wl_phy.o)
    0x08056ffc   0x08056ffc   0x00000006   Data   RO         6703    .constdata          wlan.lib(tls_wl_rx.o)
    0x08057002   0x08057002   0x00000800   Data   RO         7559    .constdata          wlan.lib(tls_rf_fft.o)
    0x08057802   0x08057802   0x00000001   Data   RO         7611    .constdata          wlan.lib(dh_groups.o)
    0x08057803   0x08057803   0x000000c0   Data   RO         7612    .constdata          wlan.lib(dh_groups.o)
    0x080578c3   0x080578c3   0x00000081   Data   RO         7709    .constdata          mc_w.l(ctype_o.o)
    0x08057944   0x08057944   0x00000004   Data   RO         7710    .constdata          mc_w.l(ctype_o.o)
    0x08057948   0x08057948   0x000004fd   Data   RO         1476    .conststring        wm_cmd.o
    0x08057e45   0x08057e45   0x00000003   PAD
    0x08057e48   0x08057e48   0x00000053   Data   RO         1624    .conststring        wm_rtos.o
    0x08057e9b   0x08057e9b   0x00000001   PAD
    0x08057e9c   0x08057e9c   0x000000c0   Data   RO         1723    .conststring        lwip2.0.3.o
    0x08057f5c   0x08057f5c   0x00000049   Data   RO         4896    .conststring        wlan.lib(tls_wl_if.o)
    0x08057fa5   0x08057fa5   0x00000003   PAD
    0x08057fa8   0x08057fa8   0x00000020   Data   RO         8239    Region$$Table       anon$$obj.o


    Execution Region RW_IRAM1 (Exec base: 0x20000000, Load base: 0x08057fc8, Size: 0x0002a2c8, Max: 0x00038000, ABSOLUTE, COMPRESSED[0x00000e84])

    Exec Addr    Load Addr    Size         Type   Attr      Idx    E Section Name        Object

    0x20000000   COMPRESSED   0x00000004   Data   RW          139    .data               retarget.o
    0x20000004   COMPRESSED   0x00000004   Data   RW          197    .data               wm_main.o
    0x20000008   COMPRESSED   0x00000004   Data   RW          367    .data               tls_sys.o
    0x2000000c   COMPRESSED   0x00000084   Data   RW          405    .data               wm_driver.o
    0x20000090   COMPRESSED   0x00000042   Data   RW          651    .data               wm_common.o
    0x200000d2   COMPRESSED   0x00000004   Data   RW         1039    .data               wm_adc_demo.o
    0x200000d6   COMPRESSED   0x00000002   PAD
    0x200000d8   COMPRESSED   0x00000086   Data   RW         1408    .data               wm_wifi_oneshot.o
    0x2000015e   COMPRESSED   0x00000002   PAD
    0x20000160   COMPRESSED   0x0000000e   Data   RW         1442    .data               wm_oneshot_airkiss.o
    0x2000016e   COMPRESSED   0x00000002   PAD
    0x20000170   COMPRESSED   0x00000730   Data   RW         1477    .data               wm_cmd.o
    0x200008a0   COMPRESSED   0x000000a0   Data   RW         1625    .data               wm_rtos.o
    0x20000940   COMPRESSED   0x000000ec   Data   RW         1724    .data               lwip2.0.3.o
    0x20000a2c   COMPRESSED   0x00000004   Data   RW         2944    .data               wm_http_compile.o
    0x20000a30   COMPRESSED   0x00000018   Data   RW         3010    .data               ping.o
    0x20000a48   COMPRESSED   0x00000010   Data   RW         4145    .data               wm_socket_fwup.o
    0x20000a58   COMPRESSED   0x00000004   Data   RW         4205    .data               wlan.lib(ap.o)
    0x20000a5c   COMPRESSED   0x00000014   Data   RW         4462    .data               wlan.lib(random.o)
    0x20000a70   COMPRESSED   0x00000050   Data   RW         4624    .data               wlan.lib(wpa_supplicant.o)
    0x20000ac0   COMPRESSED   0x00000078   Data   RW         4765    .data               wlan.lib(tls_wl_core.o)
    0x20000b38   COMPRESSED   0x00000044   Data   RW         4847    .data               wlan.lib(tls_wl_hw.o)
    0x20000b7c   COMPRESSED   0x00000060   Data   RW         4848    .data               wlan.lib(tls_wl_hw.o)
    0x20000bdc   COMPRESSED   0x000000a8   Data   RW         4849    .data               wlan.lib(tls_wl_hw.o)
    0x20000c84   COMPRESSED   0x00000018   Data   RW         4897    .data               wlan.lib(tls_wl_if.o)
    0x20000c9c   COMPRESSED   0x00000214   Data   RW         4935    .data               wlan.lib(tls_wl_rf.o)
    0x20000eb0   COMPRESSED   0x00000014   Data   RW         4965    .data               wlan.lib(tls_wl_tx.o)
    0x20000ec4   COMPRESSED   0x00000008   Data   RW         5033    .data               wlan.lib(wm_wifi_api.o)
    0x20000ecc   COMPRESSED   0x0000001c   Data   RW         5232    .data               wlan.lib(wm_wifi_oneshot_api.o)
    0x20000ee8   COMPRESSED   0x00000088   Data   RW         5268    .data               wlan.lib(litepoint.o)
    0x20000f70   COMPRESSED   0x00000014   Data   RW         5359    .data               airm2m_flash.lib(wm_internal_fls.o)
    0x20000f84   COMPRESSED   0x00000004   Data   RW         6306    .data               wlan.lib(eap_wsc.o)
    0x20000f88   COMPRESSED   0x0000002c   Data   RW         6346    .data               wlan.lib(eapol_supp_sm.o)
    0x20000fb4   COMPRESSED   0x00000004   Data   RW         6475    .data               wlan.lib(tls_wl_bss.o)
    0x20000fb8   COMPRESSED   0x00000224   Data   RW         6671    .data               wlan.lib(tls_wl_rc.o)
    0x200011dc   COMPRESSED   0x00000008   Data   RW         6704    .data               wlan.lib(tls_wl_rx.o)
    0x200011e4   COMPRESSED   0x000009bc   Data   RW         6859    .data               wlan.lib(tls_rf_tx_iq.o)
    0x20001ba0   COMPRESSED   0x00000160   Data   RW         6883    .data               wlan.lib(tx_lo_cal.o)
    0x20001d00   COMPRESSED   0x00000004   Data   RW         7421    .data               wlan.lib(eap_methods.o)
    0x20001d04   COMPRESSED   0x00000004   Data   RW         7560    .data               wlan.lib(tls_rf_fft.o)
    0x20001d08   COMPRESSED   0x00000004   Data   RW         7561    .data               wlan.lib(tls_rf_fft.o)
    0x20001d0c   COMPRESSED   0x00000014   Data   RW         7613    .data               wlan.lib(dh_groups.o)
    0x20001d20   COMPRESSED   0x00000004   Data   RW         7741    .data               mc_w.l(rand.o)
    0x20001d24   COMPRESSED   0x00000004   Data   RW         8093    .data               mc_w.l(errno.o)
    0x20001d28   COMPRESSED   0x00000004   Data   RW         8201    .data               mc_w.l(mvars.o)
    0x20001d2c   COMPRESSED   0x00000004   Data   RW         8202    .data               mc_w.l(mvars.o)
    0x20001d30        -       0x00000400   Zero   RW          129    .bss                startup_venus.o
    0x20002130        -       0x00000180   Zero   RW          138    .bss                retarget.o
    0x200022b0        -       0x000012c0   Zero   RW          194    .bss                wm_main.o
    0x20003570        -       0x00000400   Zero   RW          366    .bss                tls_sys.o
    0x20003970        -       0x00000718   Zero   RW          401    .bss                wm_driver.o
    0x20004088        -       0x00000ec8   Zero   RW          648    .bss                wm_common.o
    0x20004f50        -       0x00000308   Zero   RW         1233    .bss                dhcp_server.o
    0x20005258        -       0x00000028   Zero   RW         1383    .bss                dns_server.o
    0x20005280        -       0x00000b2c   Zero   RW         1407    .bss                wm_wifi_oneshot.o
    0x20005dac        -       0x000005e8   Zero   RW         1440    .bss                wm_oneshot_airkiss.o
    0x20006394        -       0x0000027c   Zero   RW         1473    .bss                wm_cmd.o
    0x20006610        -       0x000007d0   Zero   RW         1474    .bss                wm_cmd.o
    0x20006de0        -       0x00003614   Zero   RW         1622    .bss                wm_rtos.o
    0x2000a3f4        -       0x000011d8   Zero   RW         1703    .bss                lwip2.0.3.o
    0x2000b5cc        -       0x00000400   Zero   RW         2942    .bss                wm_http_compile.o
    0x2000b9cc        -       0x00000448   Zero   RW         3009    .bss                ping.o
    0x2000be14        -       0x00000094   Zero   RW         4460    .bss                wlan.lib(random.o)
    0x2000bea8        -       0x00002200   Zero   RW         4622    .bss                wlan.lib(wpa_supplicant.o)
    0x2000e0a8        -       0x00001064   Zero   RW         4763    .bss                wlan.lib(tls_wl_core.o)
    0x2000f10c        -       0x000000d8   Zero   RW         4964    .bss                wlan.lib(tls_wl_tx.o)
    0x2000f1e4        -       0x00000488   Zero   RW         5231    .bss                wlan.lib(wm_wifi_oneshot_api.o)
    0x2000f66c        -       0x0000000c   Zero   RW         5357    .bss                airm2m_flash.lib(wm_internal_fls.o)
    0x2000f678        -       0x00000021   Zero   RW         6824    .bss                wlan.lib(tls_wl_util.o)
    0x2000f699   COMPRESSED   0x00000007   PAD
    0x2000f6a0        -       0x00000800   Zero   RW         6858    .bss                wlan.lib(tls_rf_tx_iq.o)
    0x2000fea0        -       0x00000400   Zero   RW         6882    .bss                wlan.lib(tx_lo_cal.o)
    0x200102a0        -       0x00000021   Zero   RW         7077    .bss                wlan.lib(common.o)
    0x200102c1   COMPRESSED   0x00000007   PAD
    0x200102c8        -       0x0001a000   Zero   RW          130    HEAP                startup_venus.o


==============================================================================

Image component sizes


      Code (inc. data)   RO Data    RW Data    ZI Data      Debug   Object Name

      2284         48          0          0        776      59789   dhcp_server.o
       796         10          0          0         40       6319   dns_server.o
     49244        896        540        236       4568     342270   lwip2.0.3.o
        24         18          0          0          0      62889   main.o
       204         12          0          0          0       3987   misc.o
      1380        422          0         24       1096       8397   ping.o
        68          8          0          4        384      30825   retarget.o
        40          8        236          0     107520        768   startup_venus.o
       928         42          0          4       1024       7280   tls_sys.o
       680         94          0          4          0       2838   wm_adc_demo.o
     28776       2170       1298       1840       2636     198090   wm_cmd.o
     25856       2550       2776         66       3784     166226   wm_common.o
     20640        788         68        132       1816     219996   wm_driver.o
      6604        492         16          4       1024      37828   wm_http_compile.o
       560        140          0          0          0      15078   wm_http_fwup.o
       344         32         10          4       4800      47923   wm_main.o
       888         50         16         14       1512       6981   wm_oneshot_airkiss.o
      7218        332        103        160      13844      65412   wm_rtos.o
       368         36          0         16          0       2851   wm_socket_fwup.o
         0          0          0          0          0       2204   wm_uart_demo.o
      6176        414          0        134       2860      51294   wm_wifi_oneshot.o

    ----------------------------------------------------------------------
    153080       8562       5104       2648     147684    1339245   Object Totals
         0          0         32          0          0          0   (incl. Generated)
         2          0          9          6          0          0   (incl. Padding)

    ----------------------------------------------------------------------

      Code (inc. data)   RO Data    RW Data    ZI Data      Debug   Library Member Name

      1988         84          0         20         12      14959   wm_internal_fls.o
      2496        528        546          0          0        416   airkiss_log.o
       600        112          4          0          0        200   airlink.o
        56          8          0          0          0         84   __0sscanf.o
        86          0          0          0          0          0   __dczerorl2.o
        28          0          0          0          0         68   _chval.o
       812          4          0          0          0        112   _scanf.o
       332          0          0          0          0         96   _scanf_int.o
       224          0          0          0          0         96   _scanf_str.o
        64          0          0          0          0         84   _sgetc.o
       158          0          0          0          0         92   _strtoul.o
        26          0          0          0          0         80   atoi.o
        26          0          0          0          0         80   atol.o
         8          4        133          0          0         68   ctype_o.o
         0          0          0          0          0          0   entry.o
         0          0          0          0          0          0   entry10a.o
         0          0          0          0          0          0   entry11a.o
         8          4          0          0          0          0   entry2.o
         4          0          0          0          0          0   entry5.o
         0          0          0          0          0          0   entry7b.o
         0          0          0          0          0          0   entry8b.o
         8          4          0          0          0          0   entry9a.o
         8          4          0          4          0         68   errno.o
        30          0          0          0          0          0   handlers.o
        36          8          0          0          0         68   init.o
        18          0          0          0          0         76   isspace_o.o
         0          0          0          0          0          0   iusefp.o
        98          0          0          0          0         84   ldiv.o
        30          0          0          0          0         68   llshl.o
        36          0          0          0          0         68   llsshr.o
        32          0          0          0          0         68   llushr.o
       360         30          0          0          0        356   mallocr.o
        20          0          0          0          0         68   memchr.o
        26          0          0          0          0         80   memcmp.o
        66          0          0          0          0         76   memmove.o
        36          0          0          0          0        108   memseta.o
         0          0          0          8          0          0   mvars.o
      2374        100          0          0          0        752   printfa.o
        36         10          0          4          0        136   rand.o
        40          8          0          0          0         84   scanf_char.o
        24          0          0          0          0         68   strcat.o
        20          0          0          0          0         68   strchr.o
        28          0          0          0          0         76   strcmp.o
        18          0          0          0          0         68   strcpy.o
        14          0          0          0          0         68   strlen.o
        30          0          0          0          0         80   strncmp.o
        24          0          0          0          0         76   strncpy.o
        36          0          0          0          0         80   strstr.o
       112          0          0          0          0         88   strtol.o
        12          0          0          0          0         68   tolower.o
        12          0          0          0          0         68   toupper.o
        44          0          0          0          0         80   uidiv.o
        98          0          0          0          0         92   uldiv.o
        48          0          0          0          0         68   cdrcmple.o
        56          0          0          0          0         88   d2f.o
       334          0          0          0          0        148   dadd.o
       222          0          0          0          0        100   ddiv.o
       186          0          0          0          0        176   depilogue.o
        62          0          0          0          0         80   dfixi.o
        48          0          0          0          0         68   dfixul.o
        34          0          0          0          0         76   dflti.o
        26          0          0          0          0         76   dfltui.o
       228          0          0          0          0         96   dmul.o
        46          0          0          0          0         80   dscalb.o
        38          0          0          0          0         68   f2d.o
       176          0          0          0          0        140   fadd.o
       110          0          0          0          0        168   fepilogue.o
        10          0          0          0          0         68   ffltui.o
        24          0          0          0          0         68   fscalb.o
       230          0          0          0          0       3910   aes.o
         0          0          0          0          0       2552   aesMatrix.o
       180          0          0          0          0       1557   aes_unwrap.o
       164          0          0          0          0       1567   aes_wrap.o
      2140         42        144          4          0      87063   ap.o
        54          0          0          0          0      29481   ap_mlme.o
      1228          0          0          0          0      57583   beacon.o
       144          0          0          0          0       3395   bignum.o
       630          0          0          0          0      32269   bss.o
       260         10          0          0         33       7102   common.o
        72          0          0          0          0       3942   dh_group5.o
       496          4        193         20          0       6656   dh_groups.o
      3330        116          0          0          0      26081   eap.o
       304          0          0          0          0       6764   eap_common.o
       264          4          0          4          0       9571   eap_methods.o
      1672        216          0          4          0      20713   eap_wsc.o
      3340         66          0         44          0      45417   eapol_supp_sm.o
      4182         16          0          0          0      97291   events.o
       800          6        104          0          0      55969   hostapd.o
      1460         10          0          0          0      58667   hostapd_sta_info.o
       592          0          0          0          0      57705   hostapd_wpa_driver.o
      2512          0          0          0          0      63944   ieee802_11.o
       646          0          0          0          0      28712   ieee802_11_common.o
       148          0          0          0          0      55843   ieee802_1x.o
      5406          0          0          0          0      30611   libtommath.o
      1316         46          0        136          0      74082   litepoint.o
      2240        260          0          0          0      12241   md5.o
       108          0          0          0          0       2777   os_internal.o
       384         12         32         20        148       5137   random.o
       278          0          0          0          0       5732   rc4.o
       678          0          0          0          0      28011   scan.o
       248          0          0          0          0       3514   sha1-pbkdf2.o
       384          0          0          0          0       4186   sha1.o
      4052         42          0          0          0       8791   sha1_internal.o
      1160         36        256          0          0       6593   sha256.o
       220          6          0          0          0      51696   tkip_countermeasures.o
       352         12       2048          8          0       4059   tls_rf_fft.o
      3524        226          0       2492       2048       9428   tls_rf_tx_iq.o
      1820         12          0          4          0      82978   tls_wl_bss.o
      2258         80          0        120       4196     103719   tls_wl_core.o
      3252        170          0        332          0      52882   tls_wl_hw.o
      2748         32         73         24          0      50537   tls_wl_if.o
       758          0          0          0          0      60697   tls_wl_key.o
      3164         20          0          0          0      49247   tls_wl_mgmt.o
      5968         70          0          0          0      91229   tls_wl_mlme.o
       128         16         80          0          0       1727   tls_wl_phy.o
      2176         20          0        548          0      65922   tls_wl_rc.o
      2340        226        184        532          0      11272   tls_wl_rf.o
      4716         62          6          8          0      91929   tls_wl_rx.o
       780          0          0          0          0      42677   tls_wl_scan.o
       564          4          0          0          0      33086   tls_wl_sta_info.o
      4760         94          0         20        216     114849   tls_wl_tx.o
      1148         28          0          0         33      64347   tls_wl_util.o
      4484        152          0        352       1024      11249   tx_lo_cal.o
      4972         80          0          8          0     112998   wm_wifi_api.o
      2152         36          0         28       1160      32528   wm_wifi_oneshot_api.o
      4118        112        176          0          0      52431   wpa.o
      5892        152          0          0          0      84259   wpa_auth.o
       128          0          0          0          0      33843   wpa_auth_glue.o
      1640         14          0          0          0      16671   wpa_auth_ie.o
      1384         86          0          0          0      11411   wpa_common.o
        34          0          0          0          0       1738   wpa_debug.o
      1142          0          0          0          0      36581   wpa_driver.o
       948          8          0          0          0      30867   wpa_ie.o
      6384        306          0         80       8704     132103   wpa_supplicant.o
       302          0          0          0          0       4722   wpabuf.o
       812         22          0          0          0      36925   wpas_glue.o
      1168         26          0          0          0      17833   wps.o
      1198          0          0          0          0      19926   wps_attr_build.o
       982        112          0          0          0      14464   wps_attr_parse.o
       566          0          0          0          0      16363   wps_attr_process.o
      1546        164          0          0          0      18416   wps_common.o
      1222          0          0          0          0      19387   wps_dev_attr.o
      3466         22          0          0          0      25084   wps_enrollee.o
      2240         80          0          0          0      42739   wps_supplicant.o

    ----------------------------------------------------------------------
    140880       4244       3984       4824      17588    2721391   Library Totals
        32          0          5          0         14          0   (incl. Padding)

    ----------------------------------------------------------------------

      Code (inc. data)   RO Data    RW Data    ZI Data      Debug   Library Name

      1988         84          0         20         12      14959   airm2m_flash.lib
      3096        640        550          0          0        616   libairkiss_log.lib
      5558        184        133         16          0       4000   mc_w.l
      1648          0          0          0          0       1568   mf_w.l
    128558       3336       3296       4788      17562    2700248   wlan.lib

    ----------------------------------------------------------------------
    140880       4244       3984       4824      17588    2721391   Library Totals

    ----------------------------------------------------------------------

==============================================================================


      Code (inc. data)   RO Data    RW Data    ZI Data      Debug   

    293960      12806       9088       7472     165272    4046204   Grand Totals
    293960      12806       9088       3716     165272    4046204   ELF Image Totals (compressed)
    293960      12806       9088       3716          0          0   ROM Totals

==============================================================================

    Total RO  Size (Code + RO Data)               303048 ( 295.95kB)
    Total RW  Size (RW Data + ZI Data)            172744 ( 168.70kB)
    Total ROM Size (Code + RO Data + RW Data)     306764 ( 299.57kB)

==============================================================================

